longview_port: grid changed, clearing cached scenes
longview_port: 330 days with imagery 2023-04-01..2026-10-06, 330 new
  2023-04-25: cloudy cloud 71.1% around, 91.1% over the yard
  2023-04-27: ok     cloud 0.8% around, 0.0% over the yard
  2023-05-02: cloudy cloud 100.0% around, 0.0% over the yard
  2023-05-10: ok     cloud 0.0% around, 0.0% over the yard
  2023-05-12: ok     cloud 0.0% around, 0.0% over the yard
  2023-05-15: cloudy cloud 58.7% around, 61.3% over the yard
  2023-05-17: ok     cloud 0.0% around, 0.0% over the yard
  2023-05-20: cloudy cloud 100.0% around, 6.1% over the yard
  2023-05-25: ok     cloud 0.0% around, 0.0% over the yard
  2023-05-27: cloudy cloud 11.9% around, 12.0% over the yard
  2023-05-30: cloudy cloud 93.9% around, 16.0% over the yard
  2023-06-01: cloudy cloud 24.3% around, 17.8% over the yard
  2023-06-04: ok     cloud 0.0% around, 0.0% over the yard
  2023-06-06: ok     cloud 0.0% around, 0.0% over the yard
  2023-06-11: cloudy cloud 80.0% around, 67.5% over the yard
  2023-06-19: cloudy cloud 86.3% around, 84.2% over the yard
  2023-06-21: ok     cloud 0.0% around, 0.0% over the yard
  2023-06-24: ok     cloud 0.0% around, 0.0% over the yard
  2023-06-26: ok     cloud 1.7% around, 0.0% over the yard
  2023-06-29: ok     cloud 0.0% around, 0.0% over the yard
  2023-07-01: ok     cloud 0.0% around, 0.0% over the yard
  2023-07-04: ok     cloud 0.0% around, 0.0% over the yard
  2023-07-06: ok     cloud 0.0% around, 0.0% over the yard
  2023-07-09: ok     cloud 0.0% around, 0.0% over the yard
  2023-07-11: cloudy cloud 28.9% around, 15.3% over the yard
  2023-07-14: ok     cloud 0.0% around, 0.0% over the yard
  2023-07-16: ok     cloud 0.0% around, 0.0% over the yard
  2023-07-19: ok     cloud 0.0% around, 0.0% over the yard
  2023-07-21: ok     cloud 0.0% around, 0.0% over the yard
  2023-07-26: ok     cloud 0.0% around, 0.0% over the yard
  2023-07-29: ok     cloud 1.5% around, 0.0% over the yard
  2023-07-31: ok     cloud 0.0% around, 0.0% over the yard
  2023-08-03: ok     cloud 0.0% around, 0.0% over the yard
  2023-08-08: ok     cloud 0.0% around, 0.0% over the yard
  2023-08-13: ok     cloud 0.0% around, 0.0% over the yard
  2023-08-15: ok     cloud 0.0% around, 0.0% over the yard
  2023-08-18: ok     cloud 0.0% around, 0.0% over the yard
  2023-08-23: ok     cloud 0.1% around, 0.0% over the yard
  2023-08-25: ok     cloud 0.3% around, 0.1% over the yard
  2023-08-30: cloudy cloud 98.5% around, 54.1% over the yard
  2023-09-02: ok     cloud 0.0% around, 0.0% over the yard
  2023-09-07: cloudy cloud 15.0% around, 16.9% over the yard
  2023-09-09: cloudy cloud 2.3% around, 6.2% over the yard
  2023-09-12: cloudy cloud 100.0% around, 100.0% over the yard
  2023-09-14: ok     cloud 0.0% around, 0.0% over the yard
  2023-09-17: ok     cloud 4.4% around, 0.0% over the yard
  2023-09-19: cloudy cloud 19.1% around, 0.1% over the yard
  2023-09-22: ok     cloud 0.0% around, 0.0% over the yard
  2023-09-27: cloudy cloud 99.9% around, 69.0% over the yard
  2023-09-29: cloudy cloud 100.0% around, 99.9% over the yard
  2023-10-04: cloudy cloud 100.0% around, 99.4% over the yard
  2023-10-07: ok     cloud 0.1% around, 0.1% over the yard
  2023-10-12: cloudy cloud 2.5% around, 6.8% over the yard
  2023-10-19: ok     cloud 0.0% around, 0.0% over the yard
  2023-10-22: cloudy cloud 99.4% around, 14.4% over the yard
  2023-10-27: ok     cloud 0.1% around, 0.1% over the yard
  2023-10-29: ok     cloud 0.0% around, 0.0% over the yard
  2023-11-08: cloudy cloud 100.0% around, 99.1% over the yard
  2023-11-13: cloudy cloud 14.2% around, 9.1% over the yard
  2023-11-16: ok     cloud 1.1% around, 0.1% over the yard
  2023-11-18: cloudy cloud 100.0% around, 18.4% over the yard
  2023-11-23: cloudy cloud 73.5% around, 34.1% over the yard
  2023-11-26: cloudy cloud 19.2% around, 9.5% over the yard
  2023-11-28: ok     cloud 0.2% around, 0.0% over the yard
  2023-12-01: cloudy cloud 50.3% around, 29.8% over the yard
  2023-12-08: cloudy cloud 86.7% around, 67.3% over the yard
  2023-12-11: ok     cloud 1.6% around, 0.0% over the yard
  2023-12-21: ok     cloud 0.1% around, 0.0% over the yard
  2023-12-23: cloudy cloud 100.0% around, 100.0% over the yard
  2023-12-31: cloudy cloud 100.0% around, 97.4% over the yard
  2024-01-07: cloudy cloud 100.0% around, 42.7% over the yard
  2024-01-15: ok     cloud 0.1% around, 0.0% over the yard
  2024-01-20: ok     cloud 0.0% around, 0.0% over the yard
  2024-02-01: cloudy cloud 99.8% around, 5.3% over the yard
  2024-02-04: ok     cloud 0.0% around, 0.0% over the yard
  2024-03-05: cloudy cloud 100.0% around, 99.0% over the yard
  2024-03-07: cloudy cloud 51.6% around, 57.2% over the yard
  2024-03-12: cloudy cloud 18.3% around, 9.7% over the yard
  2024-03-15: ok     cloud 0.0% around, 0.0% over the yard
  2024-03-17: ok     cloud 0.0% around, 0.0% over the yard
  2024-03-30: ok     cloud 0.0% around, 0.0% over the yard
  2024-04-01: ok     cloud 0.0% around, 0.0% over the yard
  2024-04-04: cloudy cloud 100.0% around, 90.6% over the yard
  2024-04-09: cloudy cloud 99.9% around, 76.8% over the yard
  2024-04-14: ok     cloud 0.0% around, 0.0% over the yard
  2024-04-16: ok     cloud 3.0% around, 0.1% over the yard
  2024-04-19: ok     cloud 0.2% around, 0.0% over the yard
  2024-04-21: cloudy cloud 23.7% around, 5.9% over the yard
  2024-04-29: cloudy cloud 98.2% around, 82.3% over the yard
  2024-05-06: cloudy cloud 95.7% around, 59.2% over the yard
  2024-05-09: ok     cloud 0.0% around, 0.0% over the yard
  2024-05-11: ok     cloud 0.0% around, 0.0% over the yard
  2024-05-14: ok     cloud 0.0% around, 0.0% over the yard
  2024-05-16: cloudy cloud 96.9% around, 5.4% over the yard
  2024-05-19: cloudy cloud 64.3% around, 27.4% over the yard
  2024-05-29: cloudy cloud 100.0% around, 85.4% over the yard
  2024-05-31: ok     cloud 0.0% around, 0.0% over the yard
  2024-06-05: ok     cloud 0.0% around, 0.0% over the yard
  2024-06-10: ok     cloud 0.0% around, 0.0% over the yard
  2024-06-13: cloudy cloud 37.3% around, 0.2% over the yard
  2024-06-15: cloudy cloud 9.7% around, 5.9% over the yard
  2024-06-18: ok     cloud 2.3% around, 0.0% over the yard
  2024-06-20: ok     cloud 0.0% around, 0.0% over the yard
  2024-06-23: cloudy cloud 74.2% around, 24.1% over the yard
  2024-06-25: ok     cloud 0.0% around, 0.0% over the yard
  2024-06-28: cloudy cloud 98.9% around, 93.9% over the yard
  2024-06-30: cloudy cloud 100.0% around, 97.4% over the yard
  2024-07-03: ok     cloud 0.0% around, 0.0% over the yard
  2024-07-05: ok     cloud 0.0% around, 0.0% over the yard
  2024-07-08: ok     cloud 0.0% around, 0.0% over the yard
  2024-07-10: ok     cloud 0.0% around, 0.0% over the yard
  2024-07-13: ok     cloud 0.0% around, 0.0% over the yard
  2024-07-15: cloudy cloud 75.4% around, 30.9% over the yard
  2024-07-18: ok     cloud 0.0% around, 0.0% over the yard
  2024-07-20: ok     cloud 0.0% around, 0.0% over the yard
  2024-07-23: ok     cloud 0.0% around, 0.0% over the yard
  2024-07-28: cloudy cloud 100.0% around, 100.0% over the yard
  2024-08-02: ok     cloud 0.0% around, 0.0% over the yard
  2024-08-04: ok     cloud 0.0% around, 0.0% over the yard
  2024-08-07: ok     cloud 0.0% around, 0.0% over the yard
  2024-08-09: cloudy cloud 68.8% around, 16.7% over the yard
  2024-08-14: ok     cloud 0.0% around, 0.0% over the yard
  2024-08-17: ok     cloud 0.7% around, 0.2% over the yard
  2024-08-19: cloudy cloud 100.0% around, 20.5% over the yard
  2024-08-27: cloudy cloud 100.0% around, 42.7% over the yard
  2024-08-29: ok     cloud 0.0% around, 0.0% over the yard
  2024-09-01: cloudy cloud 8.2% around, 6.2% over the yard
  2024-09-03: cloudy cloud 100.0% around, 100.0% over the yard
  2024-09-06: ok     cloud 0.0% around, 0.0% over the yard
  2024-09-08: cloudy cloud 40.9% around, 8.9% over the yard
  2024-09-21: ok     cloud 0.0% around, 0.0% over the yard
  2024-09-23: ok     cloud 0.0% around, 0.0% over the yard
  2024-09-26: cloudy cloud 15.0% around, 14.8% over the yard
  2024-09-28: cloudy cloud 70.9% around, 87.9% over the yard
  2024-10-01: ok     cloud 0.0% around, 0.0% over the yard
  2024-10-03: ok     cloud 0.0% around, 0.1% over the yard
  2024-10-06: ok     cloud 0.0% around, 0.0% over the yard
  2024-10-13: ok     cloud 0.0% around, 0.0% over the yard
  2024-10-16: cloudy cloud 62.7% around, 45.9% over the yard
  2024-10-21: cloudy cloud 98.7% around, 76.7% over the yard
  2024-10-23: cloudy cloud 100.0% around, 100.0% over the yard
  2024-10-28: cloudy cloud 89.3% around, 42.7% over the yard
  2024-11-07: ok     cloud 0.0% around, 0.0% over the yard
  2024-11-15: cloudy cloud 59.8% around, 16.1% over the yard
  2024-11-20: cloudy cloud 87.0% around, 57.9% over the yard
  2024-11-22: cloudy cloud 84.9% around, 44.3% over the yard
  2024-11-27: cloudy cloud 94.7% around, 93.9% over the yard
  2024-11-30: cloudy cloud 95.0% around, 79.7% over the yard
  2024-12-02: ok     cloud 0.0% around, 0.0% over the yard
  2024-12-05: cloudy cloud 95.6% around, 69.7% over the yard
  2024-12-10: ok     cloud 2.4% around, 0.8% over the yard
  2024-12-15: cloudy cloud 95.1% around, 91.5% over the yard
  2024-12-30: cloudy cloud 74.2% around, 58.0% over the yard
  2025-01-06: cloudy cloud 19.3% around, 30.2% over the yard
  2025-01-09: cloudy cloud 67.1% around, 48.1% over the yard
  2025-01-11: cloudy cloud 34.2% around, 4.9% over the yard
  2025-01-14: cloudy cloud 100.0% around, 78.0% over the yard
  2025-01-16: cloudy cloud 100.0% around, 100.0% over the yard
  2025-01-19: ok     cloud 4.8% around, 1.1% over the yard
  2025-01-26: ok     cloud 0.0% around, 0.0% over the yard
  2025-01-29: ok     cloud 0.0% around, 0.0% over the yard
  2025-02-28: ok     cloud 0.0% around, 0.0% over the yard
  2025-03-05: cloudy cloud 99.3% around, 88.0% over the yard
  2025-03-07: cloudy cloud 100.0% around, 93.0% over the yard
  2025-03-10: cloudy cloud 99.8% around, 73.1% over the yard
  2025-03-17: cloudy cloud 99.1% around, 0.7% over the yard
  2025-03-25: ok     cloud 0.0% around, 0.0% over the yard
  2025-03-30: cloudy cloud 100.0% around, 96.6% over the yard
  2025-04-03: cloudy cloud 100.0% around, 97.9% over the yard
  2025-04-04: cloudy cloud 99.6% around, 93.7% over the yard
  2025-04-11: cloudy cloud 85.3% around, 19.2% over the yard
  2025-04-14: ok     cloud 0.0% around, 0.0% over the yard
  2025-04-16: ok     cloud 0.5% around, 0.1% over the yard
  2025-04-19: ok     cloud 0.0% around, 0.0% over the yard
  2025-04-21: cloudy cloud 97.7% around, 50.9% over the yard
  2025-04-23: ok     cloud 0.1% around, 0.2% over the yard
  2025-04-24: cloudy cloud 99.6% around, 95.2% over the yard
  2025-04-26: cloudy cloud 97.5% around, 62.0% over the yard
  2025-04-29: cloudy cloud 35.9% around, 8.8% over the yard
  2025-05-01: ok     cloud 0.0% around, 0.0% over the yard
  2025-05-04: cloudy cloud 85.4% around, 76.0% over the yard
  2025-05-06: cloudy cloud 100.0% around, 39.8% over the yard
  2025-05-09: cloudy cloud 98.2% around, 29.4% over the yard
  2025-05-21: cloudy cloud 39.2% around, 42.8% over the yard
  2025-05-24: cloudy cloud 32.6% around, 25.3% over the yard
  2025-05-26: cloudy cloud 100.0% around, 31.3% over the yard
  2025-05-29: cloudy cloud 93.6% around, 70.8% over the yard
  2025-06-02: ok     cloud 0.0% around, 0.0% over the yard
  2025-06-03: ok     cloud 0.0% around, 0.0% over the yard
  2025-06-05: cloudy cloud 1.7% around, 5.0% over the yard
  2025-06-08: ok     cloud 0.0% around, 0.0% over the yard
  2025-06-10: cloudy cloud 6.5% around, 15.1% over the yard
  2025-06-15: cloudy cloud 16.3% around, 13.6% over the yard
  2025-06-18: cloudy cloud 100.0% around, 100.0% over the yard
  2025-06-23: cloudy cloud 57.6% around, 60.2% over the yard
  2025-06-25: cloudy cloud 100.0% around, 100.0% over the yard
  2025-06-28: cloudy cloud 100.0% around, 100.0% over the yard
  2025-06-30: ok     cloud 0.0% around, 0.0% over the yard
  2025-07-03: ok     cloud 0.4% around, 0.1% over the yard
  2025-07-05: ok     cloud 0.1% around, 0.0% over the yard
  2025-07-08: ok     cloud 0.0% around, 0.0% over the yard
  2025-07-10: ok     cloud 1.0% around, 0.5% over the yard
  2025-07-12: ok     cloud 0.0% around, 0.0% over the yard
  2025-07-13: ok     cloud 0.0% around, 0.0% over the yard
  2025-07-15: ok     cloud 0.0% around, 0.0% over the yard
  2025-07-23: ok     cloud 0.0% around, 0.0% over the yard
  2025-07-25: cloudy cloud 100.0% around, 97.6% over the yard
  2025-07-28: ok     cloud 0.0% around, 0.0% over the yard
  2025-07-30: ok     cloud 0.1% around, 0.0% over the yard
  2025-08-01: cloudy cloud 42.0% around, 33.8% over the yard
  2025-08-02: cloudy cloud 100.0% around, 93.5% over the yard
  2025-08-07: cloudy cloud 72.2% around, 27.9% over the yard
  2025-08-12: ok     cloud 0.0% around, 0.0% over the yard
  2025-08-14: cloudy cloud 100.0% around, 100.0% over the yard
  2025-08-19: ok     cloud 0.0% around, 0.0% over the yard
  2025-08-21: ok     cloud 0.0% around, 0.0% over the yard
  2025-08-22: ok     cloud 0.0% around, 0.0% over the yard
  2025-08-24: cloudy cloud 97.5% around, 53.3% over the yard
  2025-08-29: cloudy cloud 100.0% around, 98.2% over the yard
  2025-09-03: cloudy cloud 90.2% around, 47.6% over the yard
  2025-09-10: cloudy cloud 67.6% around, 30.8% over the yard
  2025-09-13: ok     cloud 0.7% around, 1.3% over the yard
  2025-09-16: ok     cloud 0.0% around, 0.1% over the yard
  2025-09-18: cloudy cloud 69.2% around, 78.2% over the yard
  2025-09-21: cloudy cloud 12.9% around, 6.5% over the yard
  2025-09-23: ok     cloud 0.0% around, 0.0% over the yard
  2025-09-26: ok     cloud 0.0% around, 0.0% over the yard
  2025-09-28: ok     cloud 4.3% around, 0.0% over the yard
  2025-09-30: cloudy cloud 100.0% around, 78.6% over the yard
  2025-10-01: cloudy cloud 100.0% around, 96.6% over the yard
  2025-10-03: ok     cloud 4.5% around, 0.0% over the yard
  2025-10-06: ok     cloud 0.0% around, 0.0% over the yard
  2025-10-08: cloudy cloud 14.2% around, 0.3% over the yard
  2025-10-13: ok     cloud 0.0% around, 0.0% over the yard
  2025-10-16: cloudy cloud 100.0% around, 3.4% over the yard
  2025-10-20: cloudy cloud 53.4% around, 26.8% over the yard
  2025-10-21: cloudy cloud 99.5% around, 96.6% over the yard
  2025-10-26: cloudy cloud 99.9% around, 25.1% over the yard
  2025-11-02: ok     cloud 2.2% around, 0.1% over the yard
  2025-11-07: cloudy cloud 12.6% around, 18.3% over the yard
  2025-11-12: cloudy cloud 100.0% around, 40.6% over the yard
  2025-11-20: cloudy cloud 39.9% around, 21.4% over the yard
  2025-11-27: cloudy cloud 100.0% around, 99.3% over the yard
  2025-11-29: cloudy cloud 99.7% around, 20.1% over the yard
  2025-11-30: cloudy cloud 37.2% around, 27.1% over the yard
  2025-12-12: cloudy cloud 98.0% around, 98.2% over the yard
  2025-12-17: cloudy cloud 100.0% around, 78.0% over the yard
  2025-12-19: cloudy cloud 100.0% around, 9.6% over the yard
  2025-12-22: ok     cloud 0.4% around, 0.0% over the yard
  2025-12-27: cloudy cloud 100.0% around, 99.9% over the yard
  2025-12-30: cloudy cloud 23.5% around, 14.6% over the yard
  2026-01-08: cloudy cloud 92.0% around, 24.3% over the yard
  2026-01-09: cloudy cloud 100.0% around, 99.9% over the yard
  2026-01-14: cloudy cloud 63.7% around, 30.1% over the yard
  2026-01-16: ok     cloud 3.5% around, 0.1% over the yard
  2026-01-19: ok     cloud 0.0% around, 0.0% over the yard
  2026-01-21: ok     cloud 0.0% around, 0.0% over the yard
  2026-01-24: ok     cloud 0.2% around, 0.3% over the yard
  2026-01-26: cloudy cloud 100.0% around, 74.1% over the yard
  2026-01-31: cloudy cloud 99.0% around, 96.4% over the yard
  2026-02-05: cloudy cloud 91.6% around, 99.6% over the yard
  2026-02-10: cloudy cloud 99.0% around, 97.0% over the yard
  2026-02-18: cloudy cloud 98.1% around, 56.2% over the yard
  2026-02-25: cloudy cloud 93.1% around, 86.8% over the yard
  2026-03-02: cloudy cloud 100.0% around, 100.0% over the yard
  2026-03-05: cloudy cloud 100.0% around, 90.0% over the yard
  2026-03-09: cloudy cloud 33.9% around, 50.9% over the yard
  2026-03-10: cloudy cloud 100.0% around, 0.0% over the yard
  2026-03-22: cloudy cloud 20.7% around, 9.8% over the yard
  2026-03-27: ok     cloud 0.1% around, 0.0% over the yard
  2026-03-30: ok     cloud 0.0% around, 0.0% over the yard
  2026-04-04: ok     cloud 0.0% around, 0.0% over the yard
  2026-04-06: ok     cloud 0.0% around, 0.0% over the yard
  2026-04-08: ok     cloud 4.9% around, 0.0% over the yard
  2026-04-09: ok     cloud 0.0% around, 0.0% over the yard
  2026-04-16: cloudy cloud 17.0% around, 0.8% over the yard
  2026-04-19: cloudy cloud 100.0% around, 4.3% over the yard
  2026-04-24: ok     cloud 0.4% around, 0.7% over the yard
  2026-04-26: ok     cloud 0.0% around, 0.0% over the yard
  2026-04-29: ok     cloud 0.0% around, 0.0% over the yard
  2026-05-01: cloudy cloud 100.0% around, 26.3% over the yard
  2026-05-04: ok     cloud 0.0% around, 0.0% over the yard
  2026-05-06: cloudy cloud 100.0% around, 100.0% over the yard
  2026-05-11: ok     cloud 0.0% around, 0.0% over the yard
  2026-05-16: cloudy cloud 100.0% around, 0.0% over the yard
  2026-05-18: ok     cloud 0.0% around, 0.0% over the yard
  2026-05-21: cloudy cloud 9.1% around, 4.6% over the yard
  2026-05-24: ok     cloud 0.0% around, 0.0% over the yard
  2026-05-31: ok     cloud 0.0% around, 0.0% over the yard
  2026-06-13: ok     cloud 0.0% around, 0.0% over the yard
  2026-06-15: cloudy cloud 98.2% around, 30.1% over the yard
  2026-06-18: ok     cloud 0.0% around, 0.0% over the yard
  2026-06-20: cloudy cloud 90.8% around, 64.3% over the yard
  2026-06-23: cloudy cloud 100.0% around, 11.1% over the yard
  2026-06-27: cloudy cloud 51.3% around, 18.2% over the yard
  2026-07-03: cloudy cloud 100.0% around, 100.0% over the yard
  2026-07-05: ok     cloud 0.0% around, 0.0% over the yard
  2026-07-08: cloudy cloud 100.0% around, 97.2% over the yard
  2026-07-10: ok     cloud 1.0% around, 1.4% over the yard
  2026-07-13: ok     cloud 0.0% around, 0.0% over the yard
  2026-07-15: ok     cloud 0.0% around, 0.0% over the yard
  2026-07-18: cloudy cloud 100.0% around, 99.2% over the yard
  2026-07-23: cloudy cloud 100.0% around, 46.7% over the yard
  2026-07-25: cloudy cloud 69.0% around, 20.9% over the yard
  2026-07-27: cloudy cloud 17.4% around, 10.3% over the yard
  2026-07-28: cloudy cloud 55.9% around, 21.3% over the yard
  2026-07-30: ok     cloud 0.0% around, 0.0% over the yard
  2026-08-02: cloudy cloud 98.9% around, 75.4% over the yard
  2026-08-04: ok     cloud 0.0% around, 0.0% over the yard
  2026-08-07: ok     cloud 0.1% around, 0.1% over the yard
  2026-08-09: cloudy cloud 16.9% around, 14.9% over the yard
  2026-08-12: cloudy cloud 100.0% around, 100.0% over the yard
  2026-08-14: cloudy cloud 100.0% around, 87.6% over the yard
  2026-08-16: cloudy cloud 84.3% around, 75.8% over the yard
  2026-08-17: ok     cloud 0.0% around, 0.0% over the yard
  2026-08-19: ok     cloud 0.9% around, 0.0% over the yard
  2026-08-22: cloudy cloud 100.0% around, 100.0% over the yard
  2026-08-24: cloudy cloud 15.6% around, 0.0% over the yard
  2026-08-27: cloudy cloud 100.0% around, 97.7% over the yard
  2026-08-29: cloudy cloud 100.0% around, 79.2% over the yard
  2026-09-05: ok     cloud 0.0% around, 0.0% over the yard
  2026-09-06: ok     cloud 0.0% around, 0.0% over the yard
  2026-09-08: ok     cloud 0.0% around, 0.0% over the yard
  2026-09-11: cloudy cloud 99.7% around, 99.7% over the yard
  2026-09-16: ok     cloud 0.0% around, 0.0% over the yard
  2026-09-18: cloudy cloud 92.3% around, 89.8% over the yard
  2026-09-21: cloudy cloud 97.7% around, 55.1% over the yard
  2026-09-26: cloudy cloud 19.4% around, 10.6% over the yard
  2026-09-28: ok     cloud 0.1% around, 0.2% over the yard
  2026-10-01: cloudy cloud 99.7% around, 94.0% over the yard
longview_port: 156 clear scenes (2023-04-27 .. 2026-09-28), persistent 0.29 ha, rejected {'cloudy': 174, 'nodata': 0}
